Test run for C:\Users\vijee\VisualStudioProjects\IPLMerchSIte\IPLMerchStore\backend\tests\IplMerchStore.UnitTests\bin\Release\net8.0\IplMerchStore.UnitTests.dll (.NETCoreApp,Version=v8.0)
VSTest version 17.14.1 (x64)

Starting test execution, please wait...
A total of 1 test files matched the specified pattern.
dotnet : [xUnit.net 00:00:00.58]     IplMerchStore.UnitTests.OrderServiceTests.
CreateOrderAsync_WithValidCart_ShouldCreateOrder [FAIL]
At line:1 char:1
+ dotnet test --configuration Release --no-build tests/IplMerchStore.Un ...
+ ~~~~~~~~~~~~~~~~~~~~~~~~~~~~~~~~~~~~~~~~~~~~~~~~~~~~~~~~~~~~~~~~~~~~~
    + CategoryInfo          : NotSpecified: ([xUnit.net 00:0...ateOrder [FAIL] 
   :String) [], RemoteException
    + FullyQualifiedErrorId : NativeCommandError
 
  Failed IplMerchStore.UnitTests.OrderServiceTests.CreateOrderAsync_WithValidCart_ShouldCreateOrder [452 ms]
  Error Message:
   System.InvalidOperationException : An error was generated for warning 'Microsoft.EntityFrameworkCore.Database.Transaction.TransactionIgnoredWarning': Transactions are not supported by the in-memory store. See https://go.microsoft.com/fwlink/?LinkId=800142 This exception can be suppressed or logged by passing event ID 'InMemoryEventId.TransactionIgnoredWarning' to the 'ConfigureWarnings' method in 'DbContext.OnConfiguring' or 'AddDbContext'.
  Stack Trace:
     at Microsoft.EntityFrameworkCore.Diagnostics.EventDefinition.Log[TLoggerCategory](IDiagnosticsLogger`1 logger, Exception exception)
   at Microsoft.EntityFrameworkCore.InMemory.Internal.InMemoryLoggerExtensions.TransactionIgnoredWarning(IDiagnosticsLogger`1 diagnostics)
   at Microsoft.EntityFrameworkCore.InMemory.Storage.Internal.InMemoryTransactionManager.BeginTransactionAsync(CancellationToken cancellationToken)
   at Microsoft.EntityFrameworkCore.Infrastructure.DatabaseFacade.BeginTransactionAsync(CancellationToken cancellationToken)
   at IplMerchStore.Infrastructure.Services.OrderService.CreateOrderAsync(String userId, CreateOrderDto orderDto, CancellationToken cancellationToken) in C:\Users\vijee\VisualStudioProjects\IPLMerchSIte\IPLMerchStore\backend\src\IplMerchStore.Infrastructure\Services\OrderService.cs:line 145
   at IplMerchStore.UnitTests.OrderServiceTests.CreateOrderAsync_WithValidCart_ShouldCreateOrder() in C:\Users\vijee\VisualStudioProjects\IPLMerchSIte\IPLMerchStore\backend\tests\IplMerchStore.UnitTests\OrderServiceTests.cs:line 145
--- End of stack trace from previous location ---

Failed!  - Failed:     1, Passed:     0, Skipped:     0, Total:     1, Duration: 452 ms - IplMerchStore.UnitTests.dll (net8.0)

Workload updates are available. Run `dotnet workload list` for more information.
